// Jest Snapshot v1, https://goo.gl/fbAQLP

exports[`renders without crashing it renders the app component 1`] = `ShallowWrapper {}`;
